// Jest Snapshot v1, https://goo.gl/fbAQLP

exports[`<App /> should match existing snapshot 1`] = `
<styled.div>
  <h1>
    Application
  </h1>
</styled.div>
`;
